
> tasks@0.1.0 test
> react-scripts test

FAIL src/quizzer/Quizzer.test.tsx (7.478s)
  ● Console

    console.log src/quizzer/QuizExpanded.tsx:47
      daf
    console.log src/quizzer/QuizExpanded.tsx:47
      daf
    console.log src/quizzer/QuizExpanded.tsx:47
      daf
    console.log src/quizzer/QuizExpanded.tsx:47
      daf
    console.log src/quizzer/QuizExpanded.tsx:47
      daf
    console.log src/quizzer/QuizExpanded.tsx:47
      daf
    console.error node_modules/react-dom/cjs/react-dom.development.js:67
      Warning: Encountered two children with the same key, `2|1`. Keys should be unique so that components maintain their identity across updates. Non-unique keys may cause children to be duplicated and/or omitted — the behavior is unsupported and could change in a future version.
          at div
          at div
          at QuizEdit (/home/runner/work/quizzer_start/quizzer_start/src/quizzer/QuizEdit.tsx:10:5)
          at div
          at QuizView (/home/runner/work/quizzer_start/quizzer_start/src/quizzer/QuizView.tsx:9:5)
          at div
          at QuizList (/home/runner/work/quizzer_start/quizzer_start/src/quizzer/QuizList.tsx:9:5)
          at div
          at Quizzer (/home/runner/work/quizzer_start/quizzer_start/src/quizzer/Quizzer.tsx:24:43)
    console.error node_modules/react-dom/cjs/react-dom.development.js:67
      Warning: Encountered two children with the same key, `2|1`. Keys should be unique so that components maintain their identity across updates. Non-unique keys may cause children to be duplicated and/or omitted — the behavior is unsupported and could change in a future version.
          at div
          at div
          at QuizEdit (/home/runner/work/quizzer_start/quizzer_start/src/quizzer/QuizEdit.tsx:10:5)
          at div
          at QuizView (/home/runner/work/quizzer_start/quizzer_start/src/quizzer/QuizView.tsx:9:5)
          at div
          at QuizList (/home/runner/work/quizzer_start/quizzer_start/src/quizzer/QuizList.tsx:9:5)
          at div
          at Quizzer (/home/runner/work/quizzer_start/quizzer_start/src/quizzer/Quizzer.tsx:24:43)
    console.error node_modules/react-dom/cjs/react-dom.development.js:67
      Warning: Encountered two children with the same key, `2|1`. Keys should be unique so that components maintain their identity across updates. Non-unique keys may cause children to be duplicated and/or omitted — the behavior is unsupported and could change in a future version.
          at div
          at div
          at QuizEdit (/home/runner/work/quizzer_start/quizzer_start/src/quizzer/QuizEdit.tsx:10:5)
          at div
          at QuizView (/home/runner/work/quizzer_start/quizzer_start/src/quizzer/QuizView.tsx:9:5)
          at div
          at QuizList (/home/runner/work/quizzer_start/quizzer_start/src/quizzer/QuizList.tsx:9:5)
          at div
          at Quizzer (/home/runner/work/quizzer_start/quizzer_start/src/quizzer/Quizzer.tsx:24:43)
    console.error node_modules/react-dom/cjs/react-dom.development.js:67
      Warning: Encountered two children with the same key, `2|1`. Keys should be unique so that components maintain their identity across updates. Non-unique keys may cause children to be duplicated and/or omitted — the behavior is unsupported and could change in a future version.
          at div
          at div
          at QuizEdit (/home/runner/work/quizzer_start/quizzer_start/src/quizzer/QuizEdit.tsx:10:5)
          at div
          at QuizView (/home/runner/work/quizzer_start/quizzer_start/src/quizzer/QuizView.tsx:9:5)
          at div
          at QuizList (/home/runner/work/quizzer_start/quizzer_start/src/quizzer/QuizList.tsx:9:5)
          at div
          at Quizzer (/home/runner/work/quizzer_start/quizzer_start/src/quizzer/Quizzer.tsx:24:43)
    console.error node_modules/react-dom/cjs/react-dom.development.js:67
      Warning: Encountered two children with the same key, `2|1`. Keys should be unique so that components maintain their identity across updates. Non-unique keys may cause children to be duplicated and/or omitted — the behavior is unsupported and could change in a future version.
          at div
          at div
          at QuizEdit (/home/runner/work/quizzer_start/quizzer_start/src/quizzer/QuizEdit.tsx:10:5)
          at div
          at QuizView (/home/runner/work/quizzer_start/quizzer_start/src/quizzer/QuizView.tsx:9:5)
          at div
          at QuizList (/home/runner/work/quizzer_start/quizzer_start/src/quizzer/QuizList.tsx:9:5)
          at div
          at Quizzer (/home/runner/work/quizzer_start/quizzer_start/src/quizzer/Quizzer.tsx:24:43)
    console.error node_modules/react-dom/cjs/react-dom.development.js:67
      Warning: Encountered two children with the same key, `2|1`. Keys should be unique so that components maintain their identity across updates. Non-unique keys may cause children to be duplicated and/or omitted — the behavior is unsupported and could change in a future version.
          at QuizExpanded (/home/runner/work/quizzer_start/quizzer_start/src/quizzer/QuizExpanded.tsx:11:5)
          at div
          at QuizView (/home/runner/work/quizzer_start/quizzer_start/src/quizzer/QuizView.tsx:9:5)
          at div
          at QuizList (/home/runner/work/quizzer_start/quizzer_start/src/quizzer/QuizList.tsx:9:5)
          at div
          at Quizzer (/home/runner/work/quizzer_start/quizzer_start/src/quizzer/Quizzer.tsx:24:43)
    console.error node_modules/react-dom/cjs/react-dom.development.js:67
      Warning: Encountered two children with the same key, `2|1`. Keys should be unique so that components maintain their identity across updates. Non-unique keys may cause children to be duplicated and/or omitted — the behavior is unsupported and could change in a future version.
          at QuizExpanded (/home/runner/work/quizzer_start/quizzer_start/src/quizzer/QuizExpanded.tsx:11:5)
          at div
          at QuizView (/home/runner/work/quizzer_start/quizzer_start/src/quizzer/QuizView.tsx:9:5)
          at div
          at QuizList (/home/runner/work/quizzer_start/quizzer_start/src/quizzer/QuizList.tsx:9:5)
          at div
          at Quizzer (/home/runner/work/quizzer_start/quizzer_start/src/quizzer/Quizzer.tsx:24:43)
    console.error node_modules/react-dom/cjs/react-dom.development.js:67
      Warning: Encountered two children with the same key, `2|1`. Keys should be unique so that components maintain their identity across updates. Non-unique keys may cause children to be duplicated and/or omitted — the behavior is unsupported and could change in a future version.
          at QuizExpanded (/home/runner/work/quizzer_start/quizzer_start/src/quizzer/QuizExpanded.tsx:11:5)
          at div
          at QuizView (/home/runner/work/quizzer_start/quizzer_start/src/quizzer/QuizView.tsx:9:5)
          at div
          at QuizList (/home/runner/work/quizzer_start/quizzer_start/src/quizzer/QuizList.tsx:9:5)
          at div
          at Quizzer (/home/runner/work/quizzer_start/quizzer_start/src/quizzer/Quizzer.tsx:24:43)
    console.log src/quizzer/QuizExpanded.tsx:47
      daf

  ● Quizzer Tests › Users can reorder quiz questions

    expect(element).toHaveTextContent()

    Expected element to have text content:
      Which of these is a color?
    Received:
      1. What is 2+2?

      222 |
      223 |         const afterOrder = screen.getAllByTestId("question_body");
    > 224 |         expect(afterOrder[0]).toHaveTextContent("Which of these is a color?");
          |                               ^
      225 |         expect(afterOrder[1]).toHaveTextContent("What is 2+2?");
      226 |     });
      227 |

      at Object.<anonymous> (src/quizzer/Quizzer.test.tsx:224:31)

PASS src/App.test.tsx
-------------------|----------|----------|----------|----------|-------------------|
File               |  % Stmts | % Branch |  % Funcs |  % Lines | Uncovered Line #s |
-------------------|----------|----------|----------|----------|-------------------|
All files          |    82.78 |    82.76 |    76.71 |    82.07 |                   |
 src               |    66.67 |       50 |       50 |    66.67 |                   |
  App.tsx          |    66.67 |       50 |       50 |    66.67 |                16 |
  setupTests.ts    |      100 |      100 |      100 |      100 |                   |
 src/quizzer       |    83.11 |    85.19 |    77.46 |    82.39 |                   |
  AddQuizModal.tsx |    64.29 |      100 |       40 |    64.29 |    37,46,55,56,57 |
  QuestionEdit.tsx |    46.67 |    66.67 |       40 |    46.67 |... 65,199,226,251 |
  QuizCard.tsx     |      100 |       80 |      100 |      100 |                32 |
  QuizEdit.tsx     |    86.67 |      100 |    73.33 |    85.71 |      32,34,71,101 |
  QuizExpanded.tsx |      100 |    85.71 |      100 |      100 |                73 |
  QuizList.tsx     |      100 |      100 |      100 |      100 |                   |
  QuizQuestion.tsx |      100 |    85.71 |      100 |      100 |             23,30 |
  QuizView.tsx     |      100 |      100 |      100 |      100 |                   |
  Quizzer.tsx      |      100 |      100 |      100 |      100 |                   |
-------------------|----------|----------|----------|----------|-------------------|
Handlebars: Access has been denied to resolve the property "statements" because it is not an "own property" of its parent.
You can add a runtime option to disable the check or this warning:
See https://handlebarsjs.com/api-reference/runtime-options.html#options-to-control-prototype-access for details
Handlebars: Access has been denied to resolve the property "branches" because it is not an "own property" of its parent.
You can add a runtime option to disable the check or this warning:
See https://handlebarsjs.com/api-reference/runtime-options.html#options-to-control-prototype-access for details
Handlebars: Access has been denied to resolve the property "functions" because it is not an "own property" of its parent.
You can add a runtime option to disable the check or this warning:
See https://handlebarsjs.com/api-reference/runtime-options.html#options-to-control-prototype-access for details
Handlebars: Access has been denied to resolve the property "lines" because it is not an "own property" of its parent.
You can add a runtime option to disable the check or this warning:
See https://handlebarsjs.com/api-reference/runtime-options.html#options-to-control-prototype-access for details

Test Suites: 1 failed, 1 passed, 2 total
Tests:       1 failed, 14 passed, 15 total
Snapshots:   0 total
Time:        8.72s
Ran all test suites.
